[www.aquafarm.sg/index.html]
[www.aquafarm.sg/assets/images/favico.png]
[backblue.gif]
[fade.gif]
[index.html]
[www.google-analytics.com/analytics.js]
[www.aquafarm.sg/assets/images/logo-221x77-33.png]
[www.aquafarm.sg/assets/images/fb.png]
[www.aquafarm.sg/assets/images/aquafarm1-1200x476-25.jpg]
[www.aquafarm.sg/assets/images/aquafarm1.jpg]
[www.aquafarm.sg/assets/images/aquafarm2.jpg]
[www.aquafarm.sg/assets/images/aquafarm3.jpg]
[www.aquafarm.sg/assets/images/fish_anim.gif]
[www.aquafarm.sg/assets/images/chart_anim.gif]
[www.aquafarm.sg/assets/images/settings_anim.gif]
[www.aquafarm.sg/handtel.png]
[www.aquafarm.sg/1.jpg]
[www.aquafarm.sg/2.jpg]
[www.aquafarm.sg/assets/images/aquabasic.jpg]
[www.aquafarm.sg/assets/images/basic/aquabasic.png]
[www.aquafarm.sg/assets/images/basic/ecprobe.jpg]
[www.aquafarm.sg/assets/images/basic/phprobe.jpg]
[www.aquafarm.sg/assets/images/basic/hdpedoprobe.jpg]
[www.aquafarm.sg/assets/images/basic/gateway.png]
[www.aquafarm.sg/assets/images/basic/application.png]
[www.aquafarm.sg/assets/images/aquapro.jpg]
[www.aquafarm.sg/assets/images/pro/opticalprobe.jpg]
[www.aquafarm.sg/assets/images/livedemo.jpg]
[www.aquafarm.sg/icon1.png]
[www.aquafarm.sg/icon2.png]
[www.aquafarm.sg/icon3.png]
[www.aquafarm.sg/privacy.html]
[www.aquafarm.sg/assets/mobirise/js/text-slider.js]
[www.aquafarm.sg/assets/mobirise/js/fontsmoothie.min.js]
[www.aquafarm.sg/assets/bootstrap/js/bootstrap.min.js]
[www.aquafarm.sg/assets/smooth-scroll/smoothscroll.js]
[www.aquafarm.sg/assets/jquery-mb-ytplayer/jquery.mb.ytplayer.min.js]
[code.jquery.com/jquery-2.1.4.min.js]
[www.aquafarm.sg/assets/cookies-alert-plugin/cookies-alert-core.js]
[www.aquafarm.sg/assets/cookies-alert-plugin/cookies-alert-script.js]
[www.aquafarm.sg/assets/jarallax/jarallax.js]
[www.aquafarm.sg/assets/bootstrap-carousel-swipe/bootstrap-carousel-swipe.js]
[www.aquafarm.sg/assets/mobirise/js/script.js]
[www.aquafarm.sg/assets/dropdown-menu-plugin/script.js]
[www.aquafarm.sg/assets/formoid/formoid.min.js]
[www.aquafarm.sg/index.html]
[www.aquafarm.sg/assets/bootstrap/fonts/glyphicons-halflings-regular.eot]
[www.aquafarm.sg/assets/bootstrap/fonts/glyphicons-halflings-regulard41d.eot]
[www.aquafarm.sg/assets/bootstrap/fonts/glyphicons-halflings-regular.woff]
[www.aquafarm.sg/assets/bootstrap/fonts/glyphicons-halflings-regular.ttf]
[www.aquafarm.sg/assets/bootstrap/css/bootstrap.min.css]
[www.aquafarm.sg/assets/animate.css/animate.min.css]
[www.aquafarm.sg/assets/mobirise/css/style.css]
[www.aquafarm.sg/assets/dropdown-menu-plugin/style.css]
[www.aquafarm.sg/assets/mobirise-slider/style.css]
[www.aquafarm.sg/assets/mobirise/css/mbr-additional.css]
[www.aquafarm.sg/assets/font/canaro-light_gdi.eot]
[www.aquafarm.sg/assets/font/canaro-light_gdi.woff]
[www.aquafarm.sg/assets/font/canaro-light_gdi.ttf]
[www.aquafarm.sg/assets/font/canaro-light_gdid41d.eot]
[www.aquafarm.sg/assets/mobirise/css/canaro-light.css]
[www.aquafarm.sg/privacy.html]
[www.aquafarm.sg/assets/bootstrap/fonts/glyphicons-halflings-regular.html]
[www.aquafarm.sg/assets/bootstrap/fonts/glyphicons-halflings-regular.svg]
[www.aquafarm.sg/assets/font/canaro-light_gdi.svg]
